16:34:31 **** Incremental Build of configuration Debug for project debug_code ****
make -j12 all 
arm-none-eabi-gcc "../Core/Src/main.c" -mcpu=cortex-m7 -std=gnu11 -g3 -DDEBUG -DUSE_HAL_DRIVER -DSTM32F767xx -c -I../Core/Inc -I../Drivers/STM32F7xx_HAL_Driver/Inc -I../Drivers/STM32F7xx_HAL_Driver/Inc/Legacy -I../Drivers/CMSIS/Device/ST/STM32F7xx/Include -I../Drivers/CMSIS/Include -O0 -ffunction-sections -fdata-sections -Wall -fstack-usage -fcyclomatic-complexity -MMD -MP -MF"Core/Src/main.d" -MT"Core/Src/main.o" --specs=nano.specs -mfpu=fpv5-d16 -mfloat-abi=hard -mthumb -o "Core/Src/main.o"
arm-none-eabi-gcc -o "debug_code.elf" @"objects.list"   -mcpu=cortex-m7 -T"D:\Uni\2 anno\sem2\progetto semestre\Attività 11\debug_code\STM32F767BITX_FLASH.ld" --specs=nosys.specs -Wl,-Map="debug_code.map" -Wl,--gc-sections -static --specs=nano.specs -mfpu=fpv5-d16 -mfloat-abi=hard -mthumb -Wl,--start-group -lc -lm -Wl,--end-group
Finished building target: debug_code.elf
 
arm-none-eabi-size  debug_code.elf 
arm-none-eabi-objdump -h -S debug_code.elf  > "debug_code.list"
   text	   data	    bss	    dec	    hex	filename
   6440	     12	   1572	   8024	   1f58	debug_code.elf
Finished building: default.size.stdout
 
Finished building: debug_code.list
 
16:34:43 **** Incremental Build of configuration Debug for project debug_code ****
make -j12 all 
arm-none-eabi-size  debug_code.elf 
   text	   data	    bss	    dec	    hex	filename
   6440	     12	   1572	   8024	   1f58	debug_code.elf
Finished building: default.size.stdout
 
